// Vitest Snapshot v1, https://vitest.dev/guide/snapshot.html

exports[`Component/Molecules/Search > should render Search Form with search and button 1`] = `
<form
  class="focus-within:ring-indigo-500focus-within:ring-1 flex w-full justify-between gap-1 rounded-lg bg-white px-2 focus-within:border-blue-200 focus-within:ring-2"
  name="search-form"
>
  <input
    class="w-full bg-transparent text-sm text-blue-700 focus:outline-none"
    id="search"
    name="q"
    placeholder="Procure por um local"
    type="search"
    value=""
  />
  <button
    class="flex items-center justify-center font-medium disabled:cursor-not-allowed cursor-pointer disabled:opacity-50 disabled:pointer-events-none focus:outline-none active:scale-95 bg-transparent hover:bg-transparent transition-all focus:ring-none h-10 gap-2 text-base btn-md rounded w-auto p-2 text-light-blue-800"
    disabled=""
    title="Buscar"
    type="submit"
  >
    <svg
      class="lucide lucide-search"
      fill="none"
      height="24"
      stroke="currentColor"
      stroke-linecap="round"
      stroke-linejoin="round"
      stroke-width="2"
      viewBox="0 0 24 24"
      width="24"
      xmlns="http://www.w3.org/2000/svg"
    >
      <circle
        cx="11"
        cy="11"
        r="8"
      />
      <line
        x1="21"
        x2="16.65"
        y1="21"
        y2="16.65"
      />
    </svg>
  </button>
</form>
`;
